2026-05-10 16:00:56,224 - INFO - Analysis Started
2026-05-10 16:00:56,236 - INFO - Starting Multi-Agent Analysis
2026-05-10 16:00:56,743 - ERROR - 400 API key not valid. Please pass a valid API key. [reason: "API_KEY_INVALID"
domain: "googleapis.com"
metadata {
  key: "service"
  value: "generativelanguage.googleapis.com"
}
, locale: "en-US"
message: "API key not valid. Please pass a valid API key."
]
2026-05-10 16:00:56,747 - INFO - Analysis Completed
2026-05-10 16:02:03,727 - INFO - Analysis Started
2026-05-10 16:02:03,751 - INFO - Starting Multi-Agent Analysis
2026-05-10 16:03:35,285 - INFO - Report Generated Successfully
2026-05-10 16:03:35,290 - INFO - Analysis Completed
2026-05-10 16:24:34,916 - INFO - Analysis Started
2026-05-10 16:24:34,943 - INFO - Starting Multi-Agent Analysis
2026-05-10 16:25:55,963 - INFO - Report Generated Successfully
2026-05-10 16:25:55,966 - INFO - Analysis Completed
2026-05-10 16:57:31,719 - ERROR - Form data requires "python-multipart" to be installed. 
You can install "python-multipart" with: 

pip install python-multipart

2026-05-10 17:07:49,608 - INFO - Analysis Started
2026-05-10 17:07:49,625 - INFO - Starting Multi-Agent Analysis
2026-05-10 17:09:20,345 - INFO - Report Generated Successfully
2026-05-10 17:09:20,352 - INFO - Analysis Completed
